ppo_full_train_safetyoff_seed1: train 1115s eval 0.6s | reward -1.171 | viol% p1=32.1 p2=97.7 p4=31.2
ppo_full_train_safetyoff_seed0: train 1118s eval 0.8s | reward -1.032 | viol% p1=17.9 p2=98.0 p4=32.1
ppo_full_train_safetyoff_seed0: train 1135s eval 1.0s | reward -19.541 | viol% p1=18.5 p2=98.0 p4=32.7
ppo_full_train_safetyoff_seed1: train 1136s eval 1.0s | reward -36.294 | viol% p1=73.2 p2=58.1 p4=37.3
sdhppo_full_train_safetyoff_seed0: train 1157s eval 0.7s | reward -1.157 | viol% p1=26.9 p2=97.8 p4=32.1
sdhppo_full_train_safetyoff_seed1: train 1160s eval 0.6s | reward -1.308 | viol% p1=28.6 p2=97.5 p4=35.7
sdhppo_full_train_safetyoff_seed0: train 1170s eval 0.6s | reward -22.775 | viol% p1=41.6 p2=95.3 p4=18.1
sdhppo_full_train_safetyoff_seed1: train 1171s eval 1.0s | reward -32.683 | viol% p1=64.0 p2=97.5 p4=17.6
sdhppo_full_train_safetyoff_seed0_res0.25: train 1172s eval 1.0s | reward -1.168 | viol% p1=33.1 p2=30.7 p4=33.2
sdhppo_full_train_safetyoff_seed1_res0.25: train 1172s eval 1.0s | reward -1.227 | viol% p1=32.4 p2=30.5 p4=38.7
bc_pretrain: 20000 transitions, 200 epochs, final MSE 0.00089
sdhppo_full_train_safetyoff_seed0_init-bc: train 1235s eval 0.6s | reward -1.204 | viol% p1=34.3 p2=30.1 p4=35.4
bc_pretrain: 20000 transitions, 200 epochs, final MSE 0.00107
sdhppo_full_train_safetyoff_seed1_init-bc: train 1244s eval 0.6s | reward -1.213 | viol% p1=32.7 p2=32.7 p4=39.1
ppo_full_train_safetyoff_seed0: train 970s eval 0.6s | reward -21.209 | viol% p1=17.9 p2=96.8 p4=34.0
ppo_full_train_safetyoff_seed1: train 970s eval 0.8s | reward -33.005 | viol% p1=63.5 p2=77.9 p4=27.4
sdhppo_full_train_safetyoff_seed0: train 1003s eval 0.6s | reward -22.325 | viol% p1=40.6 p2=95.9 p4=16.2
sdhppo_full_train_safetyoff_seed0_res0.25: train 1043s eval 1.0s | reward -22.195 | viol% p1=33.2 p2=31.1 p4=33.3
sdhppo_full_train_safetyoff_seed1_res0.25: train 1043s eval 0.9s | reward -23.668 | viol% p1=34.0 p2=29.6 p4=38.5
sdhppo_full_train_safetyoff_seed1: train 1012s eval 0.5s | reward -28.131 | viol% p1=46.1 p2=80.4 p4=31.0
bc_pretrain: 20000 transitions, 200 epochs, final MSE 0.00063
sdhppo_full_train_safetyoff_seed0_init-bc: train 1107s eval 0.6s | reward -22.153 | viol% p1=33.0 p2=35.0 p4=32.8
bc_pretrain: 20000 transitions, 200 epochs, final MSE 0.00111
sdhppo_full_train_safetyoff_seed1_init-bc: train 1109s eval 0.6s | reward -24.054 | viol% p1=33.0 p2=35.7 p4=39.2
sdhppo_full_train_safetyoff_seed0_res0.25: train 1020s eval 0.8s | reward -22.146 | viol% p1=33.4 p2=32.0 p4=32.7
bc_pretrain: 20000 transitions, 200 epochs, final MSE 0.00089
sdhppo_full_train_safetyoff_seed0_init-bc: train 1091s eval 0.9s | reward -22.434 | viol% p1=33.1 p2=31.0 p4=34.1
bc_pretrain: 20000 transitions, 200 epochs, final MSE 0.00107
sdhppo_full_train_safetyoff_seed1_init-bc: train 1096s eval 0.6s | reward -23.174 | viol% p1=32.1 p2=37.8 p4=37.3
sdhppo_full_train_safetyoff_seed1_res0.25: train 1021s eval 1.0s | reward -23.866 | viol% p1=32.3 p2=29.5 p4=41.1
ppo_full_train_safetyoff_seed0: train 986s eval 0.9s | reward -2.647 | viol% p1=79.0 p2=52.2 p4=62.4
ppo_full_train_safetyoff_seed1: train 991s eval 0.9s | reward -1.816 | viol% p1=64.8 p2=73.6 p4=32.7
sdhppo_full_train_safetyoff_seed0: train 1029s eval 1.1s | reward -1.766 | viol% p1=57.1 p2=72.0 p4=36.7
ppo_full_train_safetyoff_seed0: train 953s eval 1.0s | reward -22.411 | viol% p1=31.9 p2=96.9 p4=27.7
sdhppo_full_train_safetyoff_seed1: train 1041s eval 0.5s | reward -1.968 | viol% p1=72.5 p2=72.5 p4=27.8
ppo_full_train_safetyoff_seed1: train 960s eval 1.0s | reward -31.398 | viol% p1=50.0 p2=81.9 p4=36.5
sdhppo_full_train_safetyoff_seed1: train 998s eval 0.5s | reward -33.428 | viol% p1=64.0 p2=67.9 p4=31.6
sdhppo_full_train_safetyoff_seed0: train 1000s eval 0.5s | reward -21.999 | viol% p1=35.9 p2=97.9 p4=23.0
sdhppo_full_train_safetyoff_seed0_res0.25: train 1050s eval 1.0s | reward -1.169 | viol% p1=32.9 p2=30.9 p4=33.3
sdhppo_full_train_safetyoff_seed1_res0.25: train 1050s eval 0.6s | reward -1.282 | viol% p1=34.4 p2=29.6 p4=41.4
bc_pretrain: 20000 transitions, 200 epochs, final MSE 0.00063
sdhppo_full_train_safetyoff_seed0_init-bc: train 1115s eval 0.8s | reward -1.175 | viol% p1=33.5 p2=34.2 p4=33.2
bc_pretrain: 20000 transitions, 200 epochs, final MSE 0.00111
sdhppo_full_train_safetyoff_seed1_init-bc: train 1123s eval 0.6s | reward -1.256 | viol% p1=32.2 p2=37.9 p4=40.4
ppo_full_train_safetyoff_seed0: train 970s eval 0.5s | reward -1.360 | viol% p1=32.9 p2=91.1 p4=36.6
bc_pretrain: 20000 transitions, 200 epochs, final MSE 0.00089
sdhppo_full_train_safetyoff_seed0_init-bc: train 1079s eval 0.5s | reward -22.072 | viol% p1=32.9 p2=31.4 p4=32.8
ppo_full_train_safetyoff_seed1: train 976s eval 0.7s | reward -1.713 | viol% p1=63.0 p2=68.4 p4=26.4
bc_pretrain: 20000 transitions, 200 epochs, final MSE 0.00107
sdhppo_full_train_safetyoff_seed1_init-bc: train 1085s eval 0.6s | reward -23.180 | viol% p1=32.6 p2=32.7 p4=38.4
sdhppo_full_train_safetyoff_seed0_res0.25: train 1011s eval 0.6s | reward -22.384 | viol% p1=34.4 p2=30.6 p4=32.6
sdhppo_full_train_safetyoff_seed1_res0.25: train 1008s eval 0.6s | reward -23.215 | viol% p1=32.7 p2=30.5 p4=37.8
sdhppo_full_train_safetyoff_seed0: train 1008s eval 0.6s | reward -1.208 | viol% p1=38.1 p2=95.1 p4=23.0
sdhppo_full_train_safetyoff_seed1: train 1011s eval 0.7s | reward -1.298 | viol% p1=34.0 p2=82.2 p4=37.5
sdhppo_full_train_safetyoff_seed0_res0.25: train 1029s eval 0.7s | reward -1.167 | viol% p1=33.2 p2=30.7 p4=32.9
sdhppo_full_train_safetyoff_seed1_res0.25: train 1034s eval 1.0s | reward -1.224 | viol% p1=33.9 p2=30.5 p4=38.0
bc_pretrain: 20000 transitions, 200 epochs, final MSE 0.00063
sdhppo_full_train_safetyoff_seed0_init-bc: train 1096s eval 1.1s | reward -1.173 | viol% p1=33.3 p2=31.7 p4=33.2
bc_pretrain: 20000 transitions, 200 epochs, final MSE 0.00111
sdhppo_full_train_safetyoff_seed1_init-bc: train 1101s eval 0.5s | reward -1.235 | viol% p1=30.6 p2=30.6 p4=40.3
ppo_full_train_safetyoff_seed0: train 951s eval 0.5s | reward -1.126 | viol% p1=32.1 p2=97.5 p4=26.0
ppo_full_train_safetyoff_seed1: train 960s eval 0.9s | reward -1.782 | viol% p1=68.1 p2=63.4 p4=29.1
sdhppo_full_train_safetyoff_seed0: train 992s eval 1.1s | reward -1.159 | viol% p1=38.5 p2=94.6 p4=19.8
sdhppo_full_train_safetyoff_seed1: train 997s eval 1.1s | reward -1.770 | viol% p1=68.3 p2=58.3 p4=30.0
sdhppo_full_train_safetyoff_seed0_res0.25: train 1018s eval 0.6s | reward -1.179 | viol% p1=34.3 p2=30.7 p4=32.7
sdhppo_full_train_safetyoff_seed1_res0.25: train 1019s eval 0.7s | reward -1.241 | viol% p1=34.3 p2=30.4 p4=37.9
bc_pretrain: 20000 transitions, 200 epochs, final MSE 0.00089
sdhppo_full_train_safetyoff_seed0_init-bc: train 1083s eval 0.5s | reward -1.159 | viol% p1=33.3 p2=31.6 p4=32.7
ppo_full_train_safetyoff_seed0: train 975s eval 0.5s | reward -25.127 | viol% p1=37.2 p2=97.8 p4=29.3
bc_pretrain: 20000 transitions, 200 epochs, final MSE 0.00107
sdhppo_full_train_safetyoff_seed1_init-bc: train 1089s eval 1.0s | reward -1.231 | viol% p1=32.1 p2=32.7 p4=38.7
ppo_full_train_safetyoff_seed1: train 981s eval 0.6s | reward -35.205 | viol% p1=72.3 p2=71.5 p4=23.2
sdhppo_full_train_safetyoff_seed0: train 1021s eval 0.6s | reward -23.336 | viol% p1=40.5 p2=94.7 p4=21.4
sdhppo_full_train_safetyoff_seed1: train 1019s eval 0.6s | reward -33.204 | viol% p1=68.8 p2=67.5 p4=22.2
sdhppo_full_train_safetyoff_seed0_res0.25: train 1045s eval 1.2s | reward -22.133 | viol% p1=33.2 p2=31.1 p4=32.9
bc_pretrain: 20000 transitions, 200 epochs, final MSE 0.00063
sdhppo_full_train_safetyoff_seed0_init-bc: train 1120s eval 1.2s | reward -22.594 | viol% p1=33.6 p2=31.7 p4=33.7
sdhppo_full_train_safetyoff_seed1_res0.25: train 1054s eval 0.6s | reward -23.585 | viol% p1=34.3 p2=31.4 p4=37.9
bc_pretrain: 20000 transitions, 200 epochs, final MSE 0.00111
sdhppo_full_train_safetyoff_seed1_init-bc: train 1127s eval 0.7s | reward -23.387 | viol% p1=30.5 p2=32.1 p4=39.7
dqn_full_train_safetyoff_seed0: train 2739s eval 0.6s | reward -1.051 | viol% p1=22.8 p2=49.7 p4=39.0
dqn_full_train_safetyoff_seed0: train 2796s eval 0.6s | reward -1.011 | viol% p1=21.7 p2=47.3 p4=37.2
dqn_full_train_safetyoff_seed1: train 2780s eval 0.6s | reward -1.145 | viol% p1=20.2 p2=52.3 p4=48.1
dqn_full_train_safetyoff_seed1: train 2816s eval 0.8s | reward -1.097 | viol% p1=33.6 p2=57.2 p4=33.2
ddqn_full_train_safetyoff_seed0: train 3286s eval 1.2s | reward -1.001 | viol% p1=15.1 p2=45.1 p4=48.7
ddqn_full_train_safetyoff_seed0: train 3404s eval 0.7s | reward -1.005 | viol% p1=32.8 p2=58.1 p4=20.7
ddqn_full_train_safetyoff_seed1: train 3422s eval 1.1s | reward -1.140 | viol% p1=28.0 p2=51.7 p4=37.0
ddqn_full_train_safetyoff_seed1: train 3321s eval 0.6s | reward -1.070 | viol% p1=19.1 p2=58.5 p4=44.2
dqn_full_train_safetyoff_seed0: train 2787s eval 0.7s | reward -1.168 | viol% p1=33.8 p2=44.2 p4=32.2
dqn_full_train_safetyoff_seed1: train 2785s eval 0.6s | reward -1.100 | viol% p1=31.1 p2=46.6 p4=31.3
ddqn_full_train_safetyoff_seed0: train 3397s eval 0.7s | reward -1.091 | viol% p1=21.8 p2=57.2 p4=38.9
ddqn_full_train_safetyoff_seed1: train 3414s eval 0.8s | reward -1.057 | viol% p1=29.4 p2=51.6 p4=31.3
dqn_full_train_safetyoff_seed0: train 2673s eval 0.6s | reward -0.982 | viol% p1=22.8 p2=48.9 p4=33.5
dqn_full_train_safetyoff_seed1: train 2672s eval 0.6s | reward -0.973 | viol% p1=14.7 p2=55.6 p4=40.1
dqn_full_train_safetyoff_seed0: train 2557s eval 0.7s | reward -1.106 | viol% p1=19.3 p2=94.9 p4=34.0
dqn_full_train_safetyoff_seed1: train 2548s eval 0.6s | reward -1.190 | viol% p1=33.9 p2=94.5 p4=21.4
ddqn_full_train_safetyoff_seed1: train 3256s eval 0.8s | reward -1.066 | viol% p1=31.3 p2=49.5 p4=28.0
ddqn_full_train_safetyoff_seed0: train 3259s eval 0.8s | reward -0.973 | viol% p1=18.0 p2=51.2 p4=37.9
dqn_full_train_safetyoff_seed0: train 2535s eval 0.6s | reward -1.074 | viol% p1=11.0 p2=97.2 p4=38.7
dqn_full_train_safetyoff_seed1: train 2553s eval 0.5s | reward -1.180 | viol% p1=33.8 p2=96.3 p4=28.2
ddqn_full_train_safetyoff_seed1: train 3104s eval 0.6s | reward -1.058 | viol% p1=17.0 p2=95.4 p4=38.7
ddqn_full_train_safetyoff_seed0: train 3111s eval 0.6s | reward -1.097 | viol% p1=35.1 p2=95.3 p4=15.0
ddqn_full_train_safetyoff_seed0: train 2893s eval 0.6s | reward -1.038 | viol% p1=15.8 p2=96.7 p4=32.4
ddqn_full_train_safetyoff_seed1: train 2892s eval 1.0s | reward -1.165 | viol% p1=21.5 p2=91.2 p4=45.0
dqn_full_train_safetyoff_seed0: train 2216s eval 0.5s | reward -1.151 | viol% p1=30.4 p2=62.9 p4=38.5
dqn_full_train_safetyoff_seed1: train 2190s eval 0.4s | reward -1.045 | viol% p1=13.2 p2=61.4 p4=43.8
dqn_full_train_safetyoff_seed1: train 1895s eval 0.4s | reward -1.090 | viol% p1=14.4 p2=97.7 p4=40.3
dqn_full_train_safetyoff_seed0: train 1900s eval 0.4s | reward -1.045 | viol% p1=14.7 p2=95.9 p4=37.5
ddqn_full_train_safetyoff_seed0: train 2357s eval 0.5s | reward -1.023 | viol% p1=12.0 p2=96.8 p4=35.1
ddqn_full_train_safetyoff_seed1: train 2389s eval 0.5s | reward -1.228 | viol% p1=19.0 p2=95.9 p4=44.6
ddqn_full_train_safetyoff_seed0: train 2174s eval 0.3s | reward -1.137 | viol% p1=20.6 p2=95.9 p4=35.9
ddqn_full_train_safetyoff_seed1: train 2152s eval 0.3s | reward -1.097 | viol% p1=11.3 p2=96.8 p4=42.6
