ddqn_full_seed0: train 972s eval 9.4s | reward -14.748 | viol% p1=17.5 p2=99.5 p4=36.5

8
ddqn_full_seed1: train 975s eval 9.7s | reward -13.317 | viol% p1=47.6 p2=99.6 p4=6.5
20.0ppsddqn_full_seed2: train 943s eval 7.8s | reward -15.946 | viol% p1=49.5 p2=98.2 p4=13.0


ddqn_full_seed2: train 1528s eval 8.8s | reward -12.958 | viol% p1=17.4 p2=97.5 p4=16.3
3
.6
shold_full_seed2: train 0s eval 0.4s | reward -25.621 | viol% p1=62.4 p2=59.9 p4=62.9
ppo_full_seed3: train 137s eval 9.6s | reward -11.657 | viol% p1=11.7 p2=99.0 p4=10.8
16.6
ddqn_full_seed3: train 1991s eval 1.4s | reward -10.278 | viol% p1=9.4 p2=99.7 p4=20.6
1.1

st_max_full_seed3: train 0s eval 2.0s | reward -27.292 | viol% p1=12.4 p2=11.5 p4=99.2
threshold_full_seed3: train 0s eval 0.9s | reward -24.473 | viol% p1=61.4 p2=59.4 p4=61.7
demand_prop_full_seed3: train 0s eval 2.3s | reward -8.398 | viol% p1=13.2 p2=12.0 p4=13.6
ddqn_full_seed4: train 1893s eval 1.4s | reward -14.519 | viol% p1=8.6 p2=98.7 p4=60.8
8
.1
st_max_full_seed4: train 0s eval 0.2s | reward -26.922 | viol% p1=12.4 p2=11.5 p4=99.0
demand_prop_full_seed4: train 0s eval 2.8s | reward -8.407 | viol% p1=13.1 p2=11.9 p4=13.6pddqn_full_seed5: train 1326s eval 1.0s | reward -11.757 | viol% p1=11.1 p2=99.6 p4=15.0
=34.8
shold_full_seed5: train 0s eval 5.0s | reward -25.249 | viol% p1=61.9 p2=59.6 p4=62.4
ppo_full_seed6: train 516s eval 1.1s | reward -11.645 | viol% p1=7.8 p2=99.1 p4=17.2
14.9
ddqn_full_seed6: train 856s eval 1.8s | reward -17.180 | viol% p1=15.1 p2=99.6 p4=24.1
4=17.9
t_max_full_seed6: train 0s eval 2.5s | reward -29.326 | viol% p1=17.8 p2=16.7 p4=99.0
threshold_full_seed6: train 0s eval 2.5s | reward -27.199 | viol% p1=63.7 p2=61.5 p4=64.1
demand_prop_full_seed6: train 0s eval 2.8s | reward -12.171 | viol% p1=18.7 p2=17.4 p4=19.3
ddqn_full_seed7: train 608s eval 0.7s | reward -12.522 | viol% p1=7.4 p2=99.6 p4=34.8
p4=20.4
shold_full_seed7: train 0s eval 0.4s | reward -27.622 | viol% p1=64.1 p2=62.1 p4=64.5
sdhppo_full_seed8: train 347s eval 10.1s | reward -11.230 | viol% p1=15.2 p2=54.6 p4=25.3

ddqn_full_seed8: train 586s eval 0.9s | reward -13.788 | viol% p1=20.2 p2=96.9 p4=15.0
.4
.8
shold_full_seed8: train 0s eval 0.4s | reward -26.181 | viol% p1=62.6 p2=60.9 p4=63.0
ppo_full_seed9: train 335s eval 1.1s | reward -28.312 | viol% p1=62.1 p2=98.6 p4=7.3
=17.2
ddqn_full_seed9: train 405s eval 0.8s | reward -13.529 | viol% p1=32.2 p2=99.5 p4=11.6
4=35.1
shold_full_seed9: train 0s eval 0.7s | reward -26.290 | viol% p1=62.9 p2=60.7 p4=63.2
demand_prop_full_seed9: train 0s eval 0.2s | reward -11.007 | viol% p1=17.0 p2=15.8 p4=17.4
